Fitting material N=1, long; subsequent identical fits will be reused.
C:\qdmnp\src\qdmnp\observables\calculate_excitation_spectrum_material_comparison.py:476: RuntimeWarning: The one-oscillator material fit is retained as the deliberately low-accuracy comparison for axis_long: NRMS(alpha)=0.937287, NRMS(1/alpha)=0.567851, max normalized alpha error=1.00553. Passivity and stability were still enforced.
  _warn_if_one_fit_is_inaccurate(one_bright, spec, args)
Fitting material N=13, long; subsequent identical fits will be reused.
C:\qdmnp\src\qdmnp\observables\calculate_excitation_spectrum_material_comparison.py:328: RuntimeWarning: The transformed common-material realization does not meet the full-QS modal accuracy/passivity gate: max NRMS=0.93729, max relative=1.005, K NRMS=0.57614, K max relative=0.77459, passive=True.
  return FullQSSpheroidPulseModel(
Fitting material N=1, trans; subsequent identical fits will be reused.
C:\qdmnp\src\qdmnp\observables\calculate_excitation_spectrum_material_comparison.py:476: RuntimeWarning: The one-oscillator material fit is retained as the deliberately low-accuracy comparison for axis_trans: NRMS(alpha)=0.364954, NRMS(1/alpha)=0.319214, max normalized alpha error=0.496008. Passivity and stability were still enforced.
  _warn_if_one_fit_is_inaccurate(one_bright, spec, args)
Fitting material N=13, trans; subsequent identical fits will be reused.
C:\qdmnp\src\qdmnp\observables\calculate_excitation_spectrum_material_comparison.py:328: RuntimeWarning: The transformed common-material realization does not meet the full-QS modal accuracy/passivity gate: max NRMS=0.40086, max relative=0.53819, K NRMS=0.38877, K max relative=0.52384, passive=True.
  return FullQSSpheroidPulseModel(
C:\qdmnp\src\qdmnp\observables\calculate_excitation_spectrum_material_comparison.py:476: RuntimeWarning: The one-oscillator material fit is retained as the deliberately low-accuracy comparison for side_long: NRMS(alpha)=0.937287, NRMS(1/alpha)=0.567851, max normalized alpha error=1.00553. Passivity and stability were still enforced.
  _warn_if_one_fit_is_inaccurate(one_bright, spec, args)
C:\qdmnp\src\qdmnp\observables\calculate_excitation_spectrum_material_comparison.py:328: RuntimeWarning: The transformed common-material realization does not meet the full-QS modal accuracy/passivity gate: max NRMS=0.93729, max relative=1.005, K NRMS=0.37539, K max relative=0.47714, passive=True.
  return FullQSSpheroidPulseModel(
C:\qdmnp\src\qdmnp\observables\calculate_excitation_spectrum_material_comparison.py:476: RuntimeWarning: The one-oscillator material fit is retained as the deliberately low-accuracy comparison for side_trans_radial: NRMS(alpha)=0.364954, NRMS(1/alpha)=0.319214, max normalized alpha error=0.496008. Passivity and stability were still enforced.
  _warn_if_one_fit_is_inaccurate(one_bright, spec, args)
C:\qdmnp\src\qdmnp\observables\calculate_excitation_spectrum_material_comparison.py:328: RuntimeWarning: The transformed common-material realization does not meet the full-QS modal accuracy/passivity gate: max NRMS=0.74931, max relative=0.90925, K NRMS=0.35514, K max relative=0.4618, passive=True.
  return FullQSSpheroidPulseModel(
C:\qdmnp\src\qdmnp\observables\calculate_excitation_spectrum_material_comparison.py:476: RuntimeWarning: The one-oscillator material fit is retained as the deliberately low-accuracy comparison for side_trans_tangential: NRMS(alpha)=0.364954, NRMS(1/alpha)=0.319214, max normalized alpha error=0.496008. Passivity and stability were still enforced.
  _warn_if_one_fit_is_inaccurate(one_bright, spec, args)
C:\qdmnp\src\qdmnp\observables\calculate_excitation_spectrum_material_comparison.py:328: RuntimeWarning: The transformed common-material realization does not meet the full-QS modal accuracy/passivity gate: max NRMS=0.40086, max relative=0.53819, K NRMS=0.33387, K max relative=0.45789, passive=True.
  return FullQSSpheroidPulseModel(
Saved qd_mnp.material_excitation_spectrum_comparison v2: C:\qdmnp\results\article_single_mnp_c12p5_a4p5\sensitivity_shapes_refined\data\check_shape_c_low_560f9a111e.npz
