C:\qdmnp\src\qdmnp\observables\calculate_excitation_spectrum_material_comparison.py:476: RuntimeWarning: The one-oscillator material fit is retained as the deliberately low-accuracy comparison for axis_long: NRMS(alpha)=0.748627, NRMS(1/alpha)=0.53911, max normalized alpha error=0.931596. Passivity and stability were still enforced.
  _warn_if_one_fit_is_inaccurate(one_bright, spec, args)
C:\qdmnp\src\qdmnp\observables\calculate_excitation_spectrum_material_comparison.py:328: RuntimeWarning: The transformed common-material realization does not meet the full-QS modal accuracy/passivity gate: max NRMS=0.74852, max relative=0.93094, K NRMS=0.38443, K max relative=0.49207, passive=True.
  return FullQSSpheroidPulseModel(
C:\qdmnp\src\qdmnp\observables\calculate_excitation_spectrum_material_comparison.py:476: RuntimeWarning: The one-oscillator material fit is retained as the deliberately low-accuracy comparison for axis_trans: NRMS(alpha)=0.423409, NRMS(1/alpha)=0.359602, max normalized alpha error=0.563436. Passivity and stability were still enforced.
  _warn_if_one_fit_is_inaccurate(one_bright, spec, args)
C:\qdmnp\src\qdmnp\observables\calculate_excitation_spectrum_material_comparison.py:328: RuntimeWarning: The transformed common-material realization does not meet the full-QS modal accuracy/passivity gate: max NRMS=0.42327, max relative=0.56302, K NRMS=0.36598, K max relative=0.49533, passive=True.
  return FullQSSpheroidPulseModel(
C:\qdmnp\src\qdmnp\observables\calculate_excitation_spectrum_material_comparison.py:476: RuntimeWarning: The one-oscillator material fit is retained as the deliberately low-accuracy comparison for side_long: NRMS(alpha)=0.748627, NRMS(1/alpha)=0.53911, max normalized alpha error=0.931596. Passivity and stability were still enforced.
  _warn_if_one_fit_is_inaccurate(one_bright, spec, args)
C:\qdmnp\src\qdmnp\observables\calculate_excitation_spectrum_material_comparison.py:328: RuntimeWarning: The transformed common-material realization does not meet the full-QS modal accuracy/passivity gate: max NRMS=0.74852, max relative=0.93094, K NRMS=0.34499, K max relative=0.46204, passive=True.
  return FullQSSpheroidPulseModel(
C:\qdmnp\src\qdmnp\observables\calculate_excitation_spectrum_material_comparison.py:476: RuntimeWarning: The one-oscillator material fit is retained as the deliberately low-accuracy comparison for side_trans_radial: NRMS(alpha)=0.423409, NRMS(1/alpha)=0.359602, max normalized alpha error=0.563436. Passivity and stability were still enforced.
  _warn_if_one_fit_is_inaccurate(one_bright, spec, args)
C:\qdmnp\src\qdmnp\observables\calculate_excitation_spectrum_material_comparison.py:328: RuntimeWarning: The transformed common-material realization does not meet the full-QS modal accuracy/passivity gate: max NRMS=0.52213, max relative=0.67377, K NRMS=0.34466, K max relative=0.46731, passive=True.
  return FullQSSpheroidPulseModel(
C:\qdmnp\src\qdmnp\observables\calculate_excitation_spectrum_material_comparison.py:476: RuntimeWarning: The one-oscillator material fit is retained as the deliberately low-accuracy comparison for side_trans_tangential: NRMS(alpha)=0.423409, NRMS(1/alpha)=0.359602, max normalized alpha error=0.563436. Passivity and stability were still enforced.
  _warn_if_one_fit_is_inaccurate(one_bright, spec, args)
C:\qdmnp\src\qdmnp\observables\calculate_excitation_spectrum_material_comparison.py:328: RuntimeWarning: The transformed common-material realization does not meet the full-QS modal accuracy/passivity gate: max NRMS=0.42327, max relative=0.56302, K NRMS=0.33248, K max relative=0.45536, passive=True.
  return FullQSSpheroidPulseModel(
Saved qd_mnp.material_excitation_spectrum_comparison v2: C:\qdmnp\results\article_shah_single\data\check_shape_a_low_770b38d85d.npz
