C:\qdmnp\src\qdmnp\observables\calculate_excitation_spectrum_material_comparison.py:476: RuntimeWarning: The one-oscillator material fit is retained as the deliberately low-accuracy comparison for axis_long: NRMS(alpha)=0.747366, NRMS(1/alpha)=0.538608, max normalized alpha error=0.930214. Passivity and stability were still enforced.
  _warn_if_one_fit_is_inaccurate(one_bright, spec, args)
C:\qdmnp\src\qdmnp\observables\calculate_excitation_spectrum_material_comparison.py:328: RuntimeWarning: The transformed common-material realization does not meet the full-QS modal accuracy/passivity gate: max NRMS=0.74726, max relative=0.92956, K NRMS=0.38074, K max relative=0.48968, passive=True.
  return FullQSSpheroidPulseModel(
C:\qdmnp\src\qdmnp\observables\calculate_excitation_spectrum_material_comparison.py:476: RuntimeWarning: The one-oscillator material fit is retained as the deliberately low-accuracy comparison for axis_trans: NRMS(alpha)=0.42379, NRMS(1/alpha)=0.359857, max normalized alpha error=0.563868. Passivity and stability were still enforced.
  _warn_if_one_fit_is_inaccurate(one_bright, spec, args)
C:\qdmnp\src\qdmnp\observables\calculate_excitation_spectrum_material_comparison.py:328: RuntimeWarning: The transformed common-material realization does not meet the full-QS modal accuracy/passivity gate: max NRMS=0.42365, max relative=0.56345, K NRMS=0.364, K max relative=0.49299, passive=True.
  return FullQSSpheroidPulseModel(
C:\qdmnp\src\qdmnp\observables\calculate_excitation_spectrum_material_comparison.py:476: RuntimeWarning: The one-oscillator material fit is retained as the deliberately low-accuracy comparison for side_long: NRMS(alpha)=0.747366, NRMS(1/alpha)=0.538608, max normalized alpha error=0.930214. Passivity and stability were still enforced.
  _warn_if_one_fit_is_inaccurate(one_bright, spec, args)
C:\qdmnp\src\qdmnp\observables\calculate_excitation_spectrum_material_comparison.py:328: RuntimeWarning: The transformed common-material realization does not meet the full-QS modal accuracy/passivity gate: max NRMS=0.74726, max relative=0.92956, K NRMS=0.34365, K max relative=0.461, passive=True.
  return FullQSSpheroidPulseModel(
C:\qdmnp\src\qdmnp\observables\calculate_excitation_spectrum_material_comparison.py:476: RuntimeWarning: The one-oscillator material fit is retained as the deliberately low-accuracy comparison for side_trans_radial: NRMS(alpha)=0.42379, NRMS(1/alpha)=0.359857, max normalized alpha error=0.563868. Passivity and stability were still enforced.
  _warn_if_one_fit_is_inaccurate(one_bright, spec, args)
C:\qdmnp\src\qdmnp\observables\calculate_excitation_spectrum_material_comparison.py:328: RuntimeWarning: The transformed common-material realization does not meet the full-QS modal accuracy/passivity gate: max NRMS=0.52125, max relative=0.67279, K NRMS=0.3429, K max relative=0.46546, passive=True.
  return FullQSSpheroidPulseModel(
C:\qdmnp\src\qdmnp\observables\calculate_excitation_spectrum_material_comparison.py:476: RuntimeWarning: The one-oscillator material fit is retained as the deliberately low-accuracy comparison for side_trans_tangential: NRMS(alpha)=0.42379, NRMS(1/alpha)=0.359857, max normalized alpha error=0.563868. Passivity and stability were still enforced.
  _warn_if_one_fit_is_inaccurate(one_bright, spec, args)
C:\qdmnp\src\qdmnp\observables\calculate_excitation_spectrum_material_comparison.py:328: RuntimeWarning: The transformed common-material realization does not meet the full-QS modal accuracy/passivity gate: max NRMS=0.42365, max relative=0.56345, K NRMS=0.33134, K max relative=0.45404, passive=True.
  return FullQSSpheroidPulseModel(
Saved qd_mnp.material_excitation_spectrum_comparison v2: C:\qdmnp\results\article_shah_single\data\check_shape_c_high_49a5f1ecee.npz
