Building pulse DD/FQS axis_long, gap=0.5 nm ...
Building pulse DD/FQS side_trans_radial, gap=0.5 nm ...
Building pulse DD/FQS axis_trans, gap=0.5 nm ...
[1/129] fluence=5.000000e-10 J/cm^2
[2/129] fluence=1.760171e-08 J/cm^2
[3/129] fluence=5.904033e-08 J/cm^2
[4/129] fluence=1.248159e-07 J/cm^2
[5/129] fluence=2.149283e-07 J/cm^2
[6/129] fluence=3.293777e-07 J/cm^2
[7/129] fluence=4.681640e-07 J/cm^2
[8/129] fluence=6.312873e-07 J/cm^2
[9/129] fluence=8.187474e-07 J/cm^2
[10/129] fluence=1.030544e-06 J/cm^2
[11/129] fluence=1.266678e-06 J/cm^2
[12/129] fluence=1.527149e-06 J/cm^2
[13/129] fluence=1.811957e-06 J/cm^2
[14/129] fluence=2.121102e-06 J/cm^2
[15/129] fluence=2.454584e-06 J/cm^2
[16/129] fluence=2.812402e-06 J/cm^2
[17/129] fluence=3.194558e-06 J/cm^2
[18/129] fluence=3.601050e-06 J/cm^2
[19/129] fluence=4.031879e-06 J/cm^2
[20/129] fluence=4.487046e-06 J/cm^2
[21/129] fluence=4.966549e-06 J/cm^2
[22/129] fluence=5.470389e-06 J/cm^2
[23/129] fluence=5.998566e-06 J/cm^2
[24/129] fluence=6.551080e-06 J/cm^2
[25/129] fluence=7.127931e-06 J/cm^2
[26/129] fluence=7.729118e-06 J/cm^2
[27/129] fluence=8.354643e-06 J/cm^2
[28/129] fluence=9.004505e-06 J/cm^2
[29/129] fluence=9.678703e-06 J/cm^2
[30/129] fluence=1.037724e-05 J/cm^2
[31/129] fluence=1.110011e-05 J/cm^2
[32/129] fluence=1.184732e-05 J/cm^2
[33/129] fluence=1.261887e-05 J/cm^2
[34/129] fluence=1.341475e-05 J/cm^2
[35/129] fluence=1.423497e-05 J/cm^2
[36/129] fluence=1.507953e-05 J/cm^2
[37/129] fluence=1.594842e-05 J/cm^2
[38/129] fluence=1.684165e-05 J/cm^2
[39/129] fluence=1.775922e-05 J/cm^2
[40/129] fluence=1.870112e-05 J/cm^2
[41/129] fluence=1.966737e-05 J/cm^2
[42/129] fluence=2.065794e-05 J/cm^2
[43/129] fluence=2.167286e-05 J/cm^2
[44/129] fluence=2.271211e-05 J/cm^2
[45/129] fluence=2.377570e-05 J/cm^2
[46/129] fluence=2.486363e-05 J/cm^2
[47/129] fluence=2.597589e-05 J/cm^2
[48/129] fluence=2.711249e-05 J/cm^2
[49/129] fluence=2.827343e-05 J/cm^2
[50/129] fluence=2.945870e-05 J/cm^2
[51/129] fluence=3.066831e-05 J/cm^2
[52/129] fluence=3.190226e-05 J/cm^2
[53/129] fluence=3.316054e-05 J/cm^2
[54/129] fluence=3.444317e-05 J/cm^2
[55/129] fluence=3.575012e-05 J/cm^2
[56/129] fluence=3.708142e-05 J/cm^2
[57/129] fluence=3.843705e-05 J/cm^2
[58/129] fluence=3.981702e-05 J/cm^2
[59/129] fluence=4.122133e-05 J/cm^2
[60/129] fluence=4.264997e-05 J/cm^2
[61/129] fluence=4.410295e-05 J/cm^2
[62/129] fluence=4.558027e-05 J/cm^2
[63/129] fluence=4.708192e-05 J/cm^2
[64/129] fluence=4.860791e-05 J/cm^2
[65/129] fluence=5.015824e-05 J/cm^2
[66/129] fluence=5.173290e-05 J/cm^2
[67/129] fluence=5.333190e-05 J/cm^2
[68/129] fluence=5.495524e-05 J/cm^2
[69/129] fluence=5.660292e-05 J/cm^2
[70/129] fluence=5.827493e-05 J/cm^2
[71/129] fluence=5.997128e-05 J/cm^2
[72/129] fluence=6.169197e-05 J/cm^2
[73/129] fluence=6.343699e-05 J/cm^2
[74/129] fluence=6.520635e-05 J/cm^2
[75/129] fluence=6.700005e-05 J/cm^2
[76/129] fluence=6.881808e-05 J/cm^2
[77/129] fluence=7.066045e-05 J/cm^2
[78/129] fluence=7.252716e-05 J/cm^2
[79/129] fluence=7.441820e-05 J/cm^2
[80/129] fluence=7.633358e-05 J/cm^2
[81/129] fluence=7.827330e-05 J/cm^2
[82/129] fluence=8.023736e-05 J/cm^2
[83/129] fluence=8.222575e-05 J/cm^2
[84/129] fluence=8.423848e-05 J/cm^2
[85/129] fluence=8.627554e-05 J/cm^2
[86/129] fluence=8.833695e-05 J/cm^2
[87/129] fluence=9.042269e-05 J/cm^2
[88/129] fluence=9.253276e-05 J/cm^2
[89/129] fluence=9.466718e-05 J/cm^2
[90/129] fluence=9.682593e-05 J/cm^2
[91/129] fluence=9.900902e-05 J/cm^2
[92/129] fluence=1.012164e-04 J/cm^2
[93/129] fluence=1.034482e-04 J/cm^2
[94/129] fluence=1.057043e-04 J/cm^2
[95/129] fluence=1.079847e-04 J/cm^2
[96/129] fluence=1.102895e-04 J/cm^2
[97/129] fluence=1.126186e-04 J/cm^2
[98/129] fluence=1.149721e-04 J/cm^2
[99/129] fluence=1.173498e-04 J/cm^2
[100/129] fluence=1.197520e-04 J/cm^2
[101/129] fluence=1.221784e-04 J/cm^2
[102/129] fluence=1.246292e-04 J/cm^2
[103/129] fluence=1.271043e-04 J/cm^2
[104/129] fluence=1.296038e-04 J/cm^2
[105/129] fluence=1.321276e-04 J/cm^2
[106/129] fluence=1.346758e-04 J/cm^2
[107/129] fluence=1.372482e-04 J/cm^2
[108/129] fluence=1.398451e-04 J/cm^2
[109/129] fluence=1.424662e-04 J/cm^2
[110/129] fluence=1.451117e-04 J/cm^2
[111/129] fluence=1.477815e-04 J/cm^2
[112/129] fluence=1.504757e-04 J/cm^2
[113/129] fluence=1.531942e-04 J/cm^2
[114/129] fluence=1.559370e-04 J/cm^2
[115/129] fluence=1.587042e-04 J/cm^2
[116/129] fluence=1.614957e-04 J/cm^2
[117/129] fluence=1.643116e-04 J/cm^2
[118/129] fluence=1.671517e-04 J/cm^2
[119/129] fluence=1.700163e-04 J/cm^2
[120/129] fluence=1.729051e-04 J/cm^2
[121/129] fluence=1.758183e-04 J/cm^2
[122/129] fluence=1.787558e-04 J/cm^2
[123/129] fluence=1.817177e-04 J/cm^2
[124/129] fluence=1.847039e-04 J/cm^2
[125/129] fluence=1.877145e-04 J/cm^2
[126/129] fluence=1.907493e-04 J/cm^2
[127/129] fluence=1.938086e-04 J/cm^2
[128/129] fluence=1.968921e-04 J/cm^2
[129/129] fluence=2.000000e-04 J/cm^2
Threshold search: 6 curves on 6 worker processes.
[1/6] FQS axis_long, gap=0.5 nm: resolved_refined, F_eta=1.350026e-06 J/cm^2, solves=9
[2/6] FQS side_trans_radial, gap=0.5 nm: resolved_refined, F_eta=8.500552e-06 J/cm^2, solves=9
[3/6] FQS axis_trans, gap=0.5 nm: right_censored, F_eta=nan J/cm^2, solves=3
[4/6] DD axis_long, gap=0.5 nm: resolved_refined, F_eta=3.410268e-06 J/cm^2, solves=9
[5/6] DD side_trans_radial, gap=0.5 nm: resolved_refined, F_eta=5.027660e-06 J/cm^2, solves=9
[6/6] DD axis_trans, gap=0.5 nm: right_censored, F_eta=nan J/cm^2, solves=6
Saved DD/FQS threshold-fluence artifact: C:\qdmnp\results\article_shah_single\data\check_fluence_refined_1ba9bfdad4.npz
