Building DD/FQS axis_long, gap=0.5 nm ...
Building DD/FQS axis_long, gap=0.75 nm ...
Building DD/FQS axis_long, gap=1 nm ...
Building DD/FQS axis_long, gap=1.5 nm ...
Building DD/FQS axis_long, gap=2 nm ...
Building DD/FQS axis_long, gap=3 nm ...
Building DD/FQS axis_long, gap=5 nm ...
Building DD/FQS axis_long, gap=7 nm ...
Building DD/FQS axis_long, gap=10 nm ...
Building DD/FQS axis_long, gap=12 nm ...
Building DD/FQS axis_trans, gap=0.5 nm ...
Building DD/FQS axis_trans, gap=0.75 nm ...
Building DD/FQS axis_trans, gap=1 nm ...
Building DD/FQS axis_trans, gap=1.5 nm ...
Building DD/FQS axis_trans, gap=2 nm ...
Building DD/FQS axis_trans, gap=3 nm ...
Building DD/FQS axis_trans, gap=5 nm ...
Building DD/FQS axis_trans, gap=7 nm ...
Building DD/FQS axis_trans, gap=10 nm ...
Building DD/FQS axis_trans, gap=12 nm ...
Building DD/FQS side_long, gap=0.5 nm ...
Building DD/FQS side_long, gap=0.75 nm ...
Building DD/FQS side_long, gap=1 nm ...
Building DD/FQS side_long, gap=1.5 nm ...
Building DD/FQS side_long, gap=2 nm ...
Building DD/FQS side_long, gap=3 nm ...
Building DD/FQS side_long, gap=5 nm ...
Building DD/FQS side_long, gap=7 nm ...
Building DD/FQS side_long, gap=10 nm ...
Building DD/FQS side_long, gap=12 nm ...
Building DD/FQS side_trans_radial, gap=0.5 nm ...
Building DD/FQS side_trans_radial, gap=0.75 nm ...
Building DD/FQS side_trans_radial, gap=1 nm ...
Building DD/FQS side_trans_radial, gap=1.5 nm ...
Building DD/FQS side_trans_radial, gap=2 nm ...
Building DD/FQS side_trans_radial, gap=3 nm ...
Building DD/FQS side_trans_radial, gap=5 nm ...
Building DD/FQS side_trans_radial, gap=7 nm ...
Building DD/FQS side_trans_radial, gap=10 nm ...
Building DD/FQS side_trans_radial, gap=12 nm ...
Building DD/FQS side_trans_tangential, gap=0.5 nm ...
Building DD/FQS side_trans_tangential, gap=0.75 nm ...
Building DD/FQS side_trans_tangential, gap=1 nm ...
Building DD/FQS side_trans_tangential, gap=1.5 nm ...
Building DD/FQS side_trans_tangential, gap=2 nm ...
Building DD/FQS side_trans_tangential, gap=3 nm ...
Building DD/FQS side_trans_tangential, gap=5 nm ...
Building DD/FQS side_trans_tangential, gap=7 nm ...
Building DD/FQS side_trans_tangential, gap=10 nm ...
Building DD/FQS side_trans_tangential, gap=12 nm ...
