C:\qdmnp\src\qdmnp\observables\calculate_excitation_spectrum_material_comparison.py:476: RuntimeWarning: The one-oscillator material fit is retained as the deliberately low-accuracy comparison for axis_long: NRMS(alpha)=0.722375, NRMS(1/alpha)=0.528196, max normalized alpha error=0.902106. Passivity and stability were still enforced.
  _warn_if_one_fit_is_inaccurate(one_bright, spec, args)
C:\qdmnp\src\qdmnp\observables\calculate_excitation_spectrum_material_comparison.py:328: RuntimeWarning: The transformed common-material realization does not meet the full-QS modal accuracy/passivity gate: max NRMS=0.72229, max relative=0.90147, K NRMS=0.37926, K max relative=0.48753, passive=True.
  return FullQSSpheroidPulseModel(
C:\qdmnp\src\qdmnp\observables\calculate_excitation_spectrum_material_comparison.py:476: RuntimeWarning: The one-oscillator material fit is retained as the deliberately low-accuracy comparison for axis_trans: NRMS(alpha)=0.431438, NRMS(1/alpha)=0.364943, max normalized alpha error=0.572543. Passivity and stability were still enforced.
  _warn_if_one_fit_is_inaccurate(one_bright, spec, args)
C:\qdmnp\src\qdmnp\observables\calculate_excitation_spectrum_material_comparison.py:328: RuntimeWarning: The transformed common-material realization does not meet the full-QS modal accuracy/passivity gate: max NRMS=0.4313, max relative=0.57212, K NRMS=0.36288, K max relative=0.4915, passive=True.
  return FullQSSpheroidPulseModel(
C:\qdmnp\src\qdmnp\observables\calculate_excitation_spectrum_material_comparison.py:476: RuntimeWarning: The one-oscillator material fit is retained as the deliberately low-accuracy comparison for side_long: NRMS(alpha)=0.722375, NRMS(1/alpha)=0.528196, max normalized alpha error=0.902106. Passivity and stability were still enforced.
  _warn_if_one_fit_is_inaccurate(one_bright, spec, args)
C:\qdmnp\src\qdmnp\observables\calculate_excitation_spectrum_material_comparison.py:328: RuntimeWarning: The transformed common-material realization does not meet the full-QS modal accuracy/passivity gate: max NRMS=0.72229, max relative=0.90147, K NRMS=0.34491, K max relative=0.46109, passive=True.
  return FullQSSpheroidPulseModel(
C:\qdmnp\src\qdmnp\observables\calculate_excitation_spectrum_material_comparison.py:476: RuntimeWarning: The one-oscillator material fit is retained as the deliberately low-accuracy comparison for side_trans_radial: NRMS(alpha)=0.431438, NRMS(1/alpha)=0.364943, max normalized alpha error=0.572543. Passivity and stability were still enforced.
  _warn_if_one_fit_is_inaccurate(one_bright, spec, args)
C:\qdmnp\src\qdmnp\observables\calculate_excitation_spectrum_material_comparison.py:328: RuntimeWarning: The transformed common-material realization does not meet the full-QS modal accuracy/passivity gate: max NRMS=0.50465, max relative=0.65436, K NRMS=0.34399, K max relative=0.4671, passive=True.
  return FullQSSpheroidPulseModel(
C:\qdmnp\src\qdmnp\observables\calculate_excitation_spectrum_material_comparison.py:476: RuntimeWarning: The one-oscillator material fit is retained as the deliberately low-accuracy comparison for side_trans_tangential: NRMS(alpha)=0.431438, NRMS(1/alpha)=0.364943, max normalized alpha error=0.572543. Passivity and stability were still enforced.
  _warn_if_one_fit_is_inaccurate(one_bright, spec, args)
C:\qdmnp\src\qdmnp\observables\calculate_excitation_spectrum_material_comparison.py:328: RuntimeWarning: The transformed common-material realization does not meet the full-QS modal accuracy/passivity gate: max NRMS=0.4313, max relative=0.57212, K NRMS=0.33294, K max relative=0.45581, passive=True.
  return FullQSSpheroidPulseModel(
Saved qd_mnp.material_excitation_spectrum_comparison v2: C:\qdmnp\results\article_shah_single\data\preflight_g0.5_a6e8649e65.npz
