Building pulse DD/FQS side_long, gap=0.5 nm ...
Building pulse DD/FQS side_trans_radial, gap=0.5 nm ...
[1/65] fluence=5.000000e-10 J/cm^2
[2/65] fluence=5.904033e-08 J/cm^2
[3/65] fluence=2.149283e-07 J/cm^2
[4/65] fluence=4.681640e-07 J/cm^2
[5/65] fluence=8.187474e-07 J/cm^2
[6/65] fluence=1.266678e-06 J/cm^2
[7/65] fluence=1.811957e-06 J/cm^2
[8/65] fluence=2.454584e-06 J/cm^2
[9/65] fluence=3.194558e-06 J/cm^2
[10/65] fluence=4.031879e-06 J/cm^2
[11/65] fluence=4.966549e-06 J/cm^2
[12/65] fluence=5.998566e-06 J/cm^2
[13/65] fluence=7.127931e-06 J/cm^2
[14/65] fluence=8.354643e-06 J/cm^2
[15/65] fluence=9.678703e-06 J/cm^2
[16/65] fluence=1.110011e-05 J/cm^2
[17/65] fluence=1.261887e-05 J/cm^2
[18/65] fluence=1.423497e-05 J/cm^2
[19/65] fluence=1.594842e-05 J/cm^2
[20/65] fluence=1.775922e-05 J/cm^2
[21/65] fluence=1.966737e-05 J/cm^2
[22/65] fluence=2.167286e-05 J/cm^2
[23/65] fluence=2.377570e-05 J/cm^2
[24/65] fluence=2.597589e-05 J/cm^2
[25/65] fluence=2.827343e-05 J/cm^2
[26/65] fluence=3.066831e-05 J/cm^2
[27/65] fluence=3.316054e-05 J/cm^2
[28/65] fluence=3.575012e-05 J/cm^2
[29/65] fluence=3.843705e-05 J/cm^2
[30/65] fluence=4.122133e-05 J/cm^2
[31/65] fluence=4.410295e-05 J/cm^2
[32/65] fluence=4.708192e-05 J/cm^2
[33/65] fluence=5.015824e-05 J/cm^2
[34/65] fluence=5.333190e-05 J/cm^2
[35/65] fluence=5.660292e-05 J/cm^2
[36/65] fluence=5.997128e-05 J/cm^2
[37/65] fluence=6.343699e-05 J/cm^2
[38/65] fluence=6.700005e-05 J/cm^2
[39/65] fluence=7.066045e-05 J/cm^2
[40/65] fluence=7.441820e-05 J/cm^2
[41/65] fluence=7.827330e-05 J/cm^2
[42/65] fluence=8.222575e-05 J/cm^2
[43/65] fluence=8.627554e-05 J/cm^2
[44/65] fluence=9.042269e-05 J/cm^2
[45/65] fluence=9.466718e-05 J/cm^2
[46/65] fluence=9.900902e-05 J/cm^2
[47/65] fluence=1.034482e-04 J/cm^2
[48/65] fluence=1.079847e-04 J/cm^2
[49/65] fluence=1.126186e-04 J/cm^2
[50/65] fluence=1.173498e-04 J/cm^2
[51/65] fluence=1.221784e-04 J/cm^2
[52/65] fluence=1.271043e-04 J/cm^2
[53/65] fluence=1.321276e-04 J/cm^2
[54/65] fluence=1.372482e-04 J/cm^2
[55/65] fluence=1.424662e-04 J/cm^2
[56/65] fluence=1.477815e-04 J/cm^2
[57/65] fluence=1.531942e-04 J/cm^2
[58/65] fluence=1.587042e-04 J/cm^2
[59/65] fluence=1.643116e-04 J/cm^2
[60/65] fluence=1.700163e-04 J/cm^2
[61/65] fluence=1.758183e-04 J/cm^2
[62/65] fluence=1.817177e-04 J/cm^2
[63/65] fluence=1.877145e-04 J/cm^2
[64/65] fluence=1.938086e-04 J/cm^2
[65/65] fluence=2.000000e-04 J/cm^2
Threshold search: 4 curves on 4 worker processes.
[1/4] FQS side_long, gap=0.5 nm: resolved_refined, F_eta=1.815583e-05 J/cm^2, solves=9
[2/4] FQS side_trans_radial, gap=0.5 nm: resolved_refined, F_eta=2.110199e-05 J/cm^2, solves=9
[3/4] DD side_long, gap=0.5 nm: resolved_refined, F_eta=3.334738e-06 J/cm^2, solves=9
[4/4] DD side_trans_radial, gap=0.5 nm: resolved_refined, F_eta=7.229003e-06 J/cm^2, solves=9
Saved DD/FQS threshold-fluence artifact: C:\qdmnp\results\article_single_mnp_c12p5_a4p5\data\check_c_high_f32b5df1fb.npz
