Building pulse DD/FQS axis_long, gap=0.5 nm ...
Building pulse DD/FQS axis_long, gap=0.75 nm ...
Building pulse DD/FQS axis_long, gap=1 nm ...
Building pulse DD/FQS axis_long, gap=1.5 nm ...
Building pulse DD/FQS axis_long, gap=2 nm ...
Building pulse DD/FQS axis_long, gap=3 nm ...
Building pulse DD/FQS axis_long, gap=5 nm ...
Building pulse DD/FQS axis_long, gap=7 nm ...
Building pulse DD/FQS axis_long, gap=10 nm ...
Building pulse DD/FQS axis_long, gap=12 nm ...
Building pulse DD/FQS axis_trans, gap=0.5 nm ...
Building pulse DD/FQS axis_trans, gap=0.75 nm ...
Building pulse DD/FQS axis_trans, gap=1 nm ...
Building pulse DD/FQS axis_trans, gap=1.5 nm ...
Building pulse DD/FQS axis_trans, gap=2 nm ...
Building pulse DD/FQS axis_trans, gap=3 nm ...
Building pulse DD/FQS axis_trans, gap=5 nm ...
Building pulse DD/FQS axis_trans, gap=7 nm ...
Building pulse DD/FQS axis_trans, gap=10 nm ...
Building pulse DD/FQS axis_trans, gap=12 nm ...
Building pulse DD/FQS side_long, gap=0.5 nm ...
Building pulse DD/FQS side_long, gap=0.75 nm ...
Building pulse DD/FQS side_long, gap=1 nm ...
Building pulse DD/FQS side_long, gap=1.5 nm ...
Building pulse DD/FQS side_long, gap=2 nm ...
Building pulse DD/FQS side_long, gap=3 nm ...
Building pulse DD/FQS side_long, gap=5 nm ...
Building pulse DD/FQS side_long, gap=7 nm ...
Building pulse DD/FQS side_long, gap=10 nm ...
Building pulse DD/FQS side_long, gap=12 nm ...
Building pulse DD/FQS side_trans_radial, gap=0.5 nm ...
Building pulse DD/FQS side_trans_radial, gap=0.75 nm ...
Building pulse DD/FQS side_trans_radial, gap=1 nm ...
Building pulse DD/FQS side_trans_radial, gap=1.5 nm ...
Building pulse DD/FQS side_trans_radial, gap=2 nm ...
Building pulse DD/FQS side_trans_radial, gap=3 nm ...
Building pulse DD/FQS side_trans_radial, gap=5 nm ...
Building pulse DD/FQS side_trans_radial, gap=7 nm ...
Building pulse DD/FQS side_trans_radial, gap=10 nm ...
Building pulse DD/FQS side_trans_radial, gap=12 nm ...
Building pulse DD/FQS side_trans_tangential, gap=0.5 nm ...
Building pulse DD/FQS side_trans_tangential, gap=0.75 nm ...
Building pulse DD/FQS side_trans_tangential, gap=1 nm ...
Building pulse DD/FQS side_trans_tangential, gap=1.5 nm ...
Building pulse DD/FQS side_trans_tangential, gap=2 nm ...
Building pulse DD/FQS side_trans_tangential, gap=3 nm ...
Building pulse DD/FQS side_trans_tangential, gap=5 nm ...
Building pulse DD/FQS side_trans_tangential, gap=7 nm ...
Building pulse DD/FQS side_trans_tangential, gap=10 nm ...
Building pulse DD/FQS side_trans_tangential, gap=12 nm ...
[1/65] fluence=5.000000e-10 J/cm^2
[2/65] fluence=5.904033e-08 J/cm^2
[3/65] fluence=2.149283e-07 J/cm^2
[4/65] fluence=4.681640e-07 J/cm^2
[5/65] fluence=8.187474e-07 J/cm^2
[6/65] fluence=1.266678e-06 J/cm^2
[7/65] fluence=1.811957e-06 J/cm^2
[8/65] fluence=2.454584e-06 J/cm^2
[9/65] fluence=3.194558e-06 J/cm^2
[10/65] fluence=4.031879e-06 J/cm^2
[11/65] fluence=4.966549e-06 J/cm^2
[12/65] fluence=5.998566e-06 J/cm^2
[13/65] fluence=7.127931e-06 J/cm^2
[14/65] fluence=8.354643e-06 J/cm^2
[15/65] fluence=9.678703e-06 J/cm^2
[16/65] fluence=1.110011e-05 J/cm^2
[17/65] fluence=1.261887e-05 J/cm^2
[18/65] fluence=1.423497e-05 J/cm^2
[19/65] fluence=1.594842e-05 J/cm^2
[20/65] fluence=1.775922e-05 J/cm^2
[21/65] fluence=1.966737e-05 J/cm^2
[22/65] fluence=2.167286e-05 J/cm^2
[23/65] fluence=2.377570e-05 J/cm^2
[24/65] fluence=2.597589e-05 J/cm^2
[25/65] fluence=2.827343e-05 J/cm^2
[26/65] fluence=3.066831e-05 J/cm^2
[27/65] fluence=3.316054e-05 J/cm^2
[28/65] fluence=3.575012e-05 J/cm^2
[29/65] fluence=3.843705e-05 J/cm^2
[30/65] fluence=4.122133e-05 J/cm^2
[31/65] fluence=4.410295e-05 J/cm^2
[32/65] fluence=4.708192e-05 J/cm^2
[33/65] fluence=5.015824e-05 J/cm^2
[34/65] fluence=5.333190e-05 J/cm^2
[35/65] fluence=5.660292e-05 J/cm^2
[36/65] fluence=5.997128e-05 J/cm^2
[37/65] fluence=6.343699e-05 J/cm^2
[38/65] fluence=6.700005e-05 J/cm^2
[39/65] fluence=7.066045e-05 J/cm^2
[40/65] fluence=7.441820e-05 J/cm^2
[41/65] fluence=7.827330e-05 J/cm^2
[42/65] fluence=8.222575e-05 J/cm^2
[43/65] fluence=8.627554e-05 J/cm^2
[44/65] fluence=9.042269e-05 J/cm^2
[45/65] fluence=9.466718e-05 J/cm^2
[46/65] fluence=9.900902e-05 J/cm^2
[47/65] fluence=1.034482e-04 J/cm^2
[48/65] fluence=1.079847e-04 J/cm^2
[49/65] fluence=1.126186e-04 J/cm^2
[50/65] fluence=1.173498e-04 J/cm^2
[51/65] fluence=1.221784e-04 J/cm^2
[52/65] fluence=1.271043e-04 J/cm^2
[53/65] fluence=1.321276e-04 J/cm^2
[54/65] fluence=1.372482e-04 J/cm^2
[55/65] fluence=1.424662e-04 J/cm^2
[56/65] fluence=1.477815e-04 J/cm^2
[57/65] fluence=1.531942e-04 J/cm^2
[58/65] fluence=1.587042e-04 J/cm^2
[59/65] fluence=1.643116e-04 J/cm^2
[60/65] fluence=1.700163e-04 J/cm^2
[61/65] fluence=1.758183e-04 J/cm^2
[62/65] fluence=1.817177e-04 J/cm^2
[63/65] fluence=1.877145e-04 J/cm^2
[64/65] fluence=1.938086e-04 J/cm^2
[65/65] fluence=2.000000e-04 J/cm^2
Threshold search: 100 curves on 30 worker processes.
[1/100] FQS axis_long, gap=0.5 nm: resolved_refined, F_eta=4.922924e-05 J/cm^2, solves=10
[2/100] FQS axis_long, gap=0.75 nm: resolved_refined, F_eta=6.612504e-05 J/cm^2, solves=10
[3/100] FQS axis_long, gap=1 nm: resolved_refined, F_eta=9.049185e-05 J/cm^2, solves=10
[4/100] FQS axis_long, gap=1.5 nm: resolved_refined, F_eta=1.749900e-04 J/cm^2, solves=10
[5/100] FQS axis_long, gap=2 nm: right_censored, F_eta=nan J/cm^2, solves=5
[6/100] FQS axis_long, gap=3 nm: right_censored, F_eta=nan J/cm^2, solves=4
[7/100] FQS axis_long, gap=5 nm: right_censored, F_eta=nan J/cm^2, solves=5
[8/100] FQS axis_long, gap=7 nm: resolved_refined, F_eta=1.489765e-04 J/cm^2, solves=9
[9/100] FQS axis_long, gap=10 nm: resolved_refined, F_eta=1.012422e-04 J/cm^2, solves=9
[10/100] FQS axis_long, gap=12 nm: resolved_refined, F_eta=8.861965e-05 J/cm^2, solves=9
[11/100] FQS axis_trans, gap=0.5 nm: resolved_refined, F_eta=1.211836e-04 J/cm^2, solves=9
[12/100] FQS axis_trans, gap=0.75 nm: resolved_refined, F_eta=1.118778e-04 J/cm^2, solves=9
[13/100] FQS axis_trans, gap=1 nm: resolved_refined, F_eta=1.047953e-04 J/cm^2, solves=9
[14/100] FQS axis_trans, gap=1.5 nm: resolved_refined, F_eta=9.478188e-05 J/cm^2, solves=9
[15/100] FQS axis_trans, gap=2 nm: resolved_refined, F_eta=8.809297e-05 J/cm^2, solves=9
[16/100] FQS axis_trans, gap=3 nm: resolved_refined, F_eta=7.982469e-05 J/cm^2, solves=9
[17/100] FQS axis_trans, gap=5 nm: resolved_refined, F_eta=7.189864e-05 J/cm^2, solves=9
[18/100] FQS axis_trans, gap=7 nm: resolved_refined, F_eta=6.823613e-05 J/cm^2, solves=9
[19/100] FQS axis_trans, gap=10 nm: resolved_refined, F_eta=6.553393e-05 J/cm^2, solves=9
[20/100] FQS axis_trans, gap=12 nm: resolved_refined, F_eta=6.454378e-05 J/cm^2, solves=9
[21/100] FQS side_long, gap=0.5 nm: resolved_refined, F_eta=1.607525e-05 J/cm^2, solves=9
[22/100] FQS side_long, gap=0.75 nm: resolved_refined, F_eta=1.680938e-05 J/cm^2, solves=9
[23/100] FQS side_long, gap=1 nm: resolved_refined, F_eta=1.757880e-05 J/cm^2, solves=9
[24/100] FQS side_long, gap=1.5 nm: resolved_refined, F_eta=1.918854e-05 J/cm^2, solves=9
[25/100] FQS side_long, gap=2 nm: resolved_refined, F_eta=2.085679e-05 J/cm^2, solves=9
[26/100] FQS side_long, gap=3 nm: resolved_refined, F_eta=2.426216e-05 J/cm^2, solves=9
[27/100] FQS side_long, gap=5 nm: resolved_refined, F_eta=3.090002e-05 J/cm^2, solves=9
[28/100] FQS side_long, gap=7 nm: resolved_refined, F_eta=3.681110e-05 J/cm^2, solves=9
[29/100] FQS side_long, gap=10 nm: resolved_refined, F_eta=4.385595e-05 J/cm^2, solves=9
[30/100] FQS side_long, gap=12 nm: resolved_refined, F_eta=4.739704e-05 J/cm^2, solves=9
[31/100] FQS side_trans_radial, gap=0.5 nm: resolved_refined, F_eta=2.022916e-05 J/cm^2, solves=9
[32/100] FQS side_trans_radial, gap=0.75 nm: resolved_refined, F_eta=2.115214e-05 J/cm^2, solves=9
[33/100] FQS side_trans_radial, gap=1 nm: resolved_refined, F_eta=2.213991e-05 J/cm^2, solves=9
[34/100] FQS side_trans_radial, gap=1.5 nm: resolved_refined, F_eta=2.422038e-05 J/cm^2, solves=9
[35/100] FQS side_trans_radial, gap=2 nm: resolved_refined, F_eta=2.635302e-05 J/cm^2, solves=9
[36/100] FQS side_trans_radial, gap=3 nm: resolved_refined, F_eta=3.054732e-05 J/cm^2, solves=9
[37/100] FQS side_trans_radial, gap=5 nm: resolved_refined, F_eta=3.797559e-05 J/cm^2, solves=9
[38/100] FQS side_trans_radial, gap=7 nm: resolved_refined, F_eta=4.377687e-05 J/cm^2, solves=9
[39/100] FQS side_trans_radial, gap=10 nm: resolved_refined, F_eta=4.981333e-05 J/cm^2, solves=9
[40/100] FQS side_trans_radial, gap=12 nm: resolved_refined, F_eta=5.253150e-05 J/cm^2, solves=9
[41/100] FQS side_trans_tangential, gap=0.5 nm: right_censored, F_eta=nan J/cm^2, solves=5
[42/100] FQS side_trans_tangential, gap=0.75 nm: right_censored, F_eta=nan J/cm^2, solves=5
[43/100] FQS side_trans_tangential, gap=1 nm: right_censored, F_eta=nan J/cm^2, solves=6
[44/100] FQS side_trans_tangential, gap=1.5 nm: resolved_refined, F_eta=1.904604e-04 J/cm^2, solves=9
[45/100] FQS side_trans_tangential, gap=2 nm: resolved_refined, F_eta=1.554733e-04 J/cm^2, solves=9
[46/100] FQS side_trans_tangential, gap=3 nm: resolved_refined, F_eta=1.186072e-04 J/cm^2, solves=9
[47/100] FQS side_trans_tangential, gap=5 nm: resolved_refined, F_eta=8.939523e-05 J/cm^2, solves=9
[48/100] FQS side_trans_tangential, gap=7 nm: resolved_refined, F_eta=7.789592e-05 J/cm^2, solves=9
[49/100] FQS side_trans_tangential, gap=10 nm: resolved_refined, F_eta=7.031800e-05 J/cm^2, solves=9
[50/100] FQS side_trans_tangential, gap=12 nm: resolved_refined, F_eta=6.777581e-05 J/cm^2, solves=9
[51/100] DD axis_long, gap=0.5 nm: right_censored, F_eta=nan J/cm^2, solves=5
[52/100] DD axis_long, gap=0.75 nm: right_censored, F_eta=nan J/cm^2, solves=5
[53/100] DD axis_long, gap=1 nm: right_censored, F_eta=nan J/cm^2, solves=5
[54/100] DD axis_long, gap=1.5 nm: right_censored, F_eta=nan J/cm^2, solves=5
[55/100] DD axis_long, gap=2 nm: right_censored, F_eta=nan J/cm^2, solves=6
[56/100] DD axis_long, gap=3 nm: resolved_refined, F_eta=1.900729e-04 J/cm^2, solves=9
[57/100] DD axis_long, gap=5 nm: resolved_refined, F_eta=1.321672e-04 J/cm^2, solves=9
[58/100] DD axis_long, gap=7 nm: resolved_refined, F_eta=1.063474e-04 J/cm^2, solves=9
[59/100] DD axis_long, gap=10 nm: resolved_refined, F_eta=8.786389e-05 J/cm^2, solves=9
[60/100] DD axis_long, gap=12 nm: resolved_refined, F_eta=8.119690e-05 J/cm^2, solves=9
[61/100] DD axis_trans, gap=0.5 nm: resolved_refined, F_eta=7.545863e-05 J/cm^2, solves=9
[62/100] DD axis_trans, gap=0.75 nm: resolved_refined, F_eta=7.468968e-05 J/cm^2, solves=9
[63/100] DD axis_trans, gap=1 nm: resolved_refined, F_eta=7.398014e-05 J/cm^2, solves=9
[64/100] DD axis_trans, gap=1.5 nm: resolved_refined, F_eta=7.271628e-05 J/cm^2, solves=9
[65/100] DD axis_trans, gap=2 nm: resolved_refined, F_eta=7.162768e-05 J/cm^2, solves=9
[66/100] DD axis_trans, gap=3 nm: resolved_refined, F_eta=6.986007e-05 J/cm^2, solves=9
[67/100] DD axis_trans, gap=5 nm: resolved_refined, F_eta=6.743417e-05 J/cm^2, solves=9
[68/100] DD axis_trans, gap=7 nm: resolved_refined, F_eta=6.589698e-05 J/cm^2, solves=9
[69/100] DD axis_trans, gap=10 nm: resolved_refined, F_eta=6.448099e-05 J/cm^2, solves=9
[70/100] DD axis_trans, gap=12 nm: resolved_refined, F_eta=6.387617e-05 J/cm^2, solves=9
[71/100] DD side_long, gap=0.5 nm: resolved_refined, F_eta=3.167819e-06 J/cm^2, solves=9
[72/100] DD side_long, gap=0.75 nm: resolved_refined, F_eta=3.663451e-06 J/cm^2, solves=9
[73/100] DD side_long, gap=1 nm: resolved_refined, F_eta=4.214234e-06 J/cm^2, solves=9
[74/100] DD side_long, gap=1.5 nm: resolved_refined, F_eta=5.481096e-06 J/cm^2, solves=9
[75/100] DD side_long, gap=2 nm: resolved_refined, F_eta=6.961533e-06 J/cm^2, solves=9
[76/100] DD side_long, gap=3 nm: resolved_refined, F_eta=1.048751e-05 J/cm^2, solves=9
[77/100] DD side_long, gap=5 nm: resolved_refined, F_eta=1.893948e-05 J/cm^2, solves=9
[78/100] DD side_long, gap=7 nm: resolved_refined, F_eta=2.755556e-05 J/cm^2, solves=9
[79/100] DD side_long, gap=10 nm: resolved_refined, F_eta=3.820324e-05 J/cm^2, solves=9
[80/100] DD side_long, gap=12 nm: resolved_refined, F_eta=4.343736e-05 J/cm^2, solves=9
[81/100] DD side_trans_radial, gap=0.5 nm: resolved_refined, F_eta=7.573509e-06 J/cm^2, solves=9
[82/100] DD side_trans_radial, gap=0.75 nm: resolved_refined, F_eta=8.626863e-06 J/cm^2, solves=9
[83/100] DD side_trans_radial, gap=1 nm: resolved_refined, F_eta=9.744447e-06 J/cm^2, solves=9
[84/100] DD side_trans_radial, gap=1.5 nm: resolved_refined, F_eta=1.214326e-05 J/cm^2, solves=9
[85/100] DD side_trans_radial, gap=2 nm: resolved_refined, F_eta=1.470743e-05 J/cm^2, solves=9
[86/100] DD side_trans_radial, gap=3 nm: resolved_refined, F_eta=2.007643e-05 J/cm^2, solves=9
[87/100] DD side_trans_radial, gap=5 nm: resolved_refined, F_eta=3.035878e-05 J/cm^2, solves=9
[88/100] DD side_trans_radial, gap=7 nm: resolved_refined, F_eta=3.865647e-05 J/cm^2, solves=9
[89/100] DD side_trans_radial, gap=10 nm: resolved_refined, F_eta=4.711122e-05 J/cm^2, solves=9
[90/100] DD side_trans_radial, gap=12 nm: resolved_refined, F_eta=5.075822e-05 J/cm^2, solves=9
[91/100] DD side_trans_tangential, gap=0.5 nm: right_censored, F_eta=nan J/cm^2, solves=2
[92/100] DD side_trans_tangential, gap=0.75 nm: right_censored, F_eta=nan J/cm^2, solves=3
[93/100] DD side_trans_tangential, gap=1 nm: right_censored, F_eta=nan J/cm^2, solves=3
[94/100] DD side_trans_tangential, gap=1.5 nm: right_censored, F_eta=nan J/cm^2, solves=5
[95/100] DD side_trans_tangential, gap=2 nm: right_censored, F_eta=nan J/cm^2, solves=5
[96/100] DD side_trans_tangential, gap=3 nm: resolved_refined, F_eta=1.590678e-04 J/cm^2, solves=9
[97/100] DD side_trans_tangential, gap=5 nm: resolved_refined, F_eta=9.954444e-05 J/cm^2, solves=9
[98/100] DD side_trans_tangential, gap=7 nm: resolved_refined, F_eta=8.178417e-05 J/cm^2, solves=9
[99/100] DD side_trans_tangential, gap=10 nm: resolved_refined, F_eta=7.162768e-05 J/cm^2, solves=9
[100/100] DD side_trans_tangential, gap=12 nm: resolved_refined, F_eta=6.850045e-05 J/cm^2, solves=9
Saved DD/FQS threshold-fluence artifact: C:\qdmnp\results\article_single_mnp_c12p5_a4p5\data\fig03_master_520432de04.npz
